// Vitest Snapshot v1, https://vitest.dev/guide/snapshot.html

exports[`集計 > 仕分け全体をスナップショットで固定する 1`] = `
[
  "nda|ok|admin-scrivener|patent-attorney|-",
  "gyomu|ok|admin-scrivener|-|-",
  "baibai|ok|admin-scrivener|-|-",
  "chintai|ok|admin-scrivener|-|-",
  "shohi|ok|admin-scrivener|-|-",
  "oboegaki|ok|admin-scrivener|-|-",
  "kojin-itaku|ok|admin-scrivener|-|-",
  "seiyaku|ok|admin-scrivener|-|-",
  "taishoku-himitsu|ok|admin-scrivener|-|-",
  "mimoto|ok-with-care|admin-scrivener|labor-consultant|-",
  "roudou|ok-with-care|labor-consultant|-|case",
  "saburoku|ok-with-care|labor-consultant|-|case",
  "chingin|ok-with-care|labor-consultant|-|case",
  "harassment|ok-with-care|-|labor-consultant+lawyer|case",
  "kaiko-yokoku|ok-with-care|-|labor-consultant+lawyer|case",
  "taishoku-shomei|ok-with-care|-|labor-consultant|-",
  "roudousha-meibo|ok-with-care|labor-consultant|-|case",
  "chingin-daichou|ok-with-care|labor-consultant|-|case",
  "shukkinbo|ok-with-care|-|labor-consultant|case",
  "yukyu-kanribo|ok-with-care|-|labor-consultant|case",
  "naitei|ok|-|labor-consultant|-",
  "invoice|ok|-|tax-accountant|-",
  "shiharai|ok|-|tax-accountant|-",
  "ryoshu|ok|-|tax-accountant|-",
  "nouhin|ok|-|tax-accountant|-",
  "kenshu|ok|-|tax-accountant|-",
  "mitsumori|ok|-|tax-accountant|-",
  "hacchu|ok|-|tax-accountant|-",
  "chuumon-uke|ok|-|tax-accountant|-",
  "sokai|ok-with-care|-|judicial-scrivener|case",
  "rinji-sokai|ok-with-care|-|judicial-scrivener|case",
  "torishimari|ok-with-care|-|judicial-scrivener|case",
  "shunin|ok-with-care|-|judicial-scrivener|case",
  "shoshu|ok|-|judicial-scrivener|-",
  "inin|ok|-|judicial-scrivener|-",
  "kabunushi-meibo|ok-with-care|-|judicial-scrivener|case",
  "privacy|ok-with-care|-|lawyer+admin-scrivener|-",
  "security|ok|-|lawyer|-",
  "naiyo|ok-with-care|-|lawyer+admin-scrivener|case",
  "tokusoku|ok-with-care|-|lawyer+judicial-scrivener|case",
  "kaijo|ok-with-care|-|lawyer|case",
  "annai|ok|-|judicial-scrivener+tax-accountant|-",
  "ringi|ok|-|-|-",
  "gijiroku|ok|-|-|-",
  "keihi|ok|-|-|-",
  "shucchou|ok|-|-|-",
  "houkoku|ok|-|-|-",
  "jigyo-keikaku|ok|-|sme-consultant+tax-accountant|-",
  "chotatsu-keikaku|ok-with-care|-|sme-consultant+admin-scrivener|case",
  "shikin-guri|ok|-|tax-accountant+sme-consultant|-",
  "plantfactory-plan|ok|-|sme-consultant+tax-accountant|-",
  "plantfactory-funding|ok|-|sme-consultant+admin-scrivener|case",
  "teikan-kk|ok-with-care|-|admin-scrivener+judicial-scrivener|case",
  "teikan-gk|ok-with-care|-|admin-scrivener+judicial-scrivener|case",
  "kessan|ok-with-care|-|tax-accountant+cpa|case",
  "shugyo|ok-with-care|labor-consultant|-|case",
]
`;
